> Task :app:preBuild UP-TO-DATE
> Task :app:preDebugBuild UP-TO-DATE
> Task :app:checkDebugAarMetadata UP-TO-DATE
> Task :app:generateDebugResValues UP-TO-DATE
> Task :app:mapDebugSourceSetPaths UP-TO-DATE
> Task :app:generateDebugResources UP-TO-DATE
> Task :app:mergeDebugResources UP-TO-DATE
> Task :app:packageDebugResources UP-TO-DATE
> Task :app:parseDebugLocalResources UP-TO-DATE
> Task :app:createDebugCompatibleScreenManifests UP-TO-DATE
> Task :app:extractDeepLinksDebug UP-TO-DATE
> Task :app:processDebugMainManifest UP-TO-DATE
> Task :app:processDebugManifest UP-TO-DATE
> Task :app:processDebugManifestForPackage UP-TO-DATE
> Task :app:processDebugResources UP-TO-DATE

> Task :app:kspDebugKotlin FAILED
w: [ksp] C:/Users/ASUS/Downloads/StudySmart-master/StudySmart-master/app/src/main/java/com/example/studysmart/data/local/AppDatabase.kt:15: Schema export directory is not provided to the annotation processor so we cannot export the schema. You can either provide `room.schemaLocation` annotation processor argument OR set exportSchema to false.
.\gradlew.bat : e: file:///C:/Users/ASUS/Downloads/StudySmart-master
/StudySmart-master/app/src/main/java/com/example/studysmart/presenta
tion/task/TaskScreen.kt:299:1 Expecting a top level declaration
Au caractère Ligne:1 : 1
+ .\gradlew.bat compileDebugKotlin > build_output.txt 2>&1
+ ~~~~~~~~~~~~~~~~~~~~~~~~~~~~~~~~~~~~~~~~~~~~~~~~~~~~~~~~
    + CategoryInfo          : NotSpecified: (e: file:///C:/U...vel  
   declaration:String) [], RemoteException
    + FullyQualifiedErrorId : NativeCommandError
 

FAILURE: Build failed with an exception.

* What went wrong:
Execution failed for task ':app:kspDebugKotlin'.
> A failure occurred while executing org.jetbrains.kotlin.compilerRu
nner.GradleCompilerRunnerWithWorkers$GradleKotlinCompilerWorkAction
   > Compilation error. See log for more details

* Try:
> Run with --stacktrace option to get the stack trace.
> Run with --info or --debug option to get more log output.
> Run with --scan to get full insights.

* Get more help at https://help.gradle.org

BUILD FAILED in 5s
13 actionable tasks: 1 executed, 12 up-to-date
